// Vitest Snapshot v1, https://vitest.dev/guide/snapshot.html

exports[`OcAvatarCount > dynamically calculates font size 1`] = `"<span class="oc-avatar-count" style="width: 100px; height: 100px; font-size: 40px;">+2</span>"`;
