// Vitest Snapshot v1, https://vitest.dev/guide/snapshot.html

exports[`ApplicationsMenu component > should render navigation with button and menu items in dropdown 1`] = `
"<nav data-v-33cec29f="" id="applications-menu" aria-label="Main navigation" class="oc-flex oc-flex-middle">
  <oc-button-stub data-v-33cec29f="" type="button" disabled="false" size="medium" arialabel="Application Switcher" submit="button" variation="brand" appearance="raw-inverse" justifycontent="center" gapsize="medium" showspinner="false" id="_appSwitcherButton" class="oc-topbar-menu-burger">
    <oc-icon-stub data-v-33cec29f="" name="grid" filltype="fill" accessiblelabel="" type="span" size="large" variation="passive" color="" class="oc-flex"></oc-icon-stub>
  </oc-button-stub>
  <oc-drop-stub data-v-33cec29f="" dropid="app-switcher-dropdown" popperoptions="[object Object]" toggle="#_appSwitcherButton" position="bottom-start" mode="click" closeonclick="true" isnested="false" paddingsize="small">
    <div data-v-33cec29f="" class="oc-display-block oc-position-relative">
      <oc-list-stub data-v-33cec29f="" raw="false" class="applications-list">
        <li data-v-33cec29f="">
          <oc-button-stub data-v-33cec29f="" type="router-link" disabled="false" size="medium" to="/files" submit="button" variation="passive" appearance="raw" justifycontent="center" gapsize="medium" showspinner="false" class="">
            <oc-application-icon-stub data-v-33cec29f="" icon="folder" colorprimary="" colorsecondary=""></oc-application-icon-stub> <span data-v-33cec29f="">Files</span>
          </oc-button-stub>
        </li>
        <li data-v-33cec29f="">
          <oc-button-stub data-v-33cec29f="" type="a" disabled="false" size="medium" href="http://some.org" target="_blank" submit="button" variation="passive" appearance="raw" justifycontent="center" gapsize="medium" showspinner="false" class="">
            <oc-application-icon-stub data-v-33cec29f="" icon="some-icon" colorprimary="" colorsecondary=""></oc-application-icon-stub> <span data-v-33cec29f="">External</span>
          </oc-button-stub>
        </li>
      </oc-list-stub>
    </div>
  </oc-drop-stub>
</nav>"
`;
